// Jest Snapshot v1, https://goo.gl/fbAQLP

exports[`<App> render correctly 1`] = `
<h2
  className="header"
>
  hello world
</h2>
`;
